O O
O O
O O O O O
O O O O O
O O O O O
O O O O O
O O O O O O O O O
O O O O O
O O O O O O B-language
O O O O O O O B-language O O O O
O O O O O B-language
O O O O O B-language
O O B-language O O O O O
O O O O O O O B-language O
O O O O O O B-language
O O O O O O O B-language
O O O O O O O O O O B-language
O O O O O O B-location I-location I-location
O O O O O O O B-location I-location I-location
O O O O O O B-location I-location I-location O
O O O O O B-location I-location
O
O O O O B-location I-location O O
O B-position
O B-position
O B-position
O B-position
O B-position
